// Vitest Snapshot v1, https://vitest.dev/guide/snapshot.html

exports[`paridade linha -> Dataset > carregarRemoto monta o mesmo Dataset de sempre a partir das mesmas linhas (snapshot) 1`] = `
{
  "alocacoes": [
    {
      "colaboradorId": "00000000-0000-4000-8000-000000000151",
      "de": "2026-01-01",
      "id": "00000000-0000-4000-8000-000000000241",
      "local": "Fábrica",
      "observacoes": "",
      "percentual": 1,
    },
  ],
  "apontamentos": [
    {
      "criadoEm": "2026-09-02T18:00:00Z",
      "data": "2026-09-02",
      "equipe": "Fábrica A",
      "fechadoEm": "2026-09-02T19:00:00Z",
      "fotos": [],
      "id": "00000000-0000-4000-8000-000000000161",
      "linhas": [
        {
          "colaboradorId": "00000000-0000-4000-8000-000000000151",
          "horas": 8.8,
          "horasExtras": 1,
          "ordemId": "00000000-0000-4000-8000-000000000141",
          "presenca": "P",
        },
      ],
      "local": "Fábrica",
      "observacoes": "",
      "ocorrencias": [
        {
          "descricao": "",
          "horasPerdidas": 1.5,
          "tipo": "Falta de material",
        },
      ],
      "producao": [
        {
          "descricao": "Solda",
          "ordemId": "00000000-0000-4000-8000-000000000141",
          "quantidade": 900,
          "servicoId": "00000000-0000-4000-8000-000000000121",
          "unidade": "kg",
        },
      ],
      "responsavel": "Augusto",
      "status": "Fechado",
    },
  ],
  "apontamentosEstacao": [
    {
      "codigoObra": "OB-01",
      "colaboradores": [
        {
          "colaboradorId": "00000000-0000-4000-8000-000000000151",
          "horas": 8.8,
        },
      ],
      "conjuntos": [
        {
          "conjuntoId": "00000000-0000-4000-8000-000000000191",
          "quantidade": 2,
        },
      ],
      "criadoEm": "2026-09-02T18:00:00Z",
      "data": "2026-09-02",
      "estacao": "Solda",
      "id": "00000000-0000-4000-8000-0000000001b1",
      "linha": "Fábrica",
      "observacao": "",
      "ordemId": "00000000-0000-4000-8000-000000000141",
      "pecas": 8,
      "pesoKg": 640,
      "responsavel": "00000000-0000-4000-8000-0000000000a1",
      "servicoId": "00000000-0000-4000-8000-000000000121",
    },
  ],
  "aprovacoes": [
    {
      "codigoObra": "OB-01",
      "criadoEm": "2026-09-01T11:00:00Z",
      "entidadeId": "L-0002",
      "etapas": [
        {
          "decididoEm": "2026-09-01T12:00:00Z",
          "decididoPor": "Gestora",
          "justificativa": "ok",
          "papel": "Gestor de obra",
          "status": "Aprovado",
        },
        {
          "papel": "Financeiro",
          "status": "Pendente",
        },
      ],
      "id": "AP-01",
      "impacto": {
        "caixa": -5000,
      },
      "prazoSla": "2026-09-03T11:00:00Z",
      "solicitante": "Gestora",
      "status": "Pendente",
      "tipo": "lancamento",
      "titulo": "Frete",
      "valor": 5000,
    },
  ],
  "auditoria": [
    {
      "acao": "INSERT",
      "depois": {
        "code": "L-0002",
      },
      "entidade": "financial_entry",
      "entidadeId": "00000000-0000-4000-8000-0000000000f2",
      "id": "1",
      "ts": "2026-09-01T10:00:00Z",
      "usuario": "Gestora",
    },
  ],
  "avancos": [
    {
      "codigoObra": "OB-01",
      "criadoEm": "2026-08-31T10:00:00Z",
      "data": "2026-08-31",
      "descricao": "apontado",
      "id": "00000000-0000-4000-8000-0000000001a1",
      "quantidade": 12000,
      "responsavel": "00000000-0000-4000-8000-0000000000a1",
      "servicoId": "00000000-0000-4000-8000-000000000121",
    },
  ],
  "colaboradores": [
    {
      "admissao": "2025-03-01",
      "ativo": true,
      "custoHora": 35,
      "equipe": "Fábrica A",
      "funcao": "Soldador",
      "id": "00000000-0000-4000-8000-000000000151",
      "jornadaDiaria": 8.8,
      "local": "Fábrica",
      "nome": "Soldador",
      "observacoes": "",
      "vinculo": "CLT",
    },
  ],
  "comentarios": [
    {
      "autor": "Gestora",
      "entidade": "lancamento",
      "entidadeId": "00000000-0000-4000-8000-0000000000f2",
      "id": "00000000-0000-4000-8000-000000000321",
      "mencoes": [],
      "texto": "urgente",
      "ts": "2026-09-01T12:30:00Z",
    },
  ],
  "composicoes": [
    {
      "ativo": true,
      "codigo": "EIFF-EST-KG",
      "descricao": "Estrutura por kg",
      "grupo": "Estrutura",
      "id": "00000000-0000-4000-8000-000000000201",
      "itens": [
        {
          "coeficiente": 1.05,
          "refId": "00000000-0000-4000-8000-0000000001f1",
          "tipo": "Insumo",
        },
      ],
      "observacoes": "",
      "origem": "Própria",
      "unidade": "kg",
    },
  ],
  "conjuntos": [
    {
      "atualizadoEm": "2026-09-01T10:00:00Z",
      "codigoObra": "OB-01",
      "descricao": "Pilar",
      "expedidoQtd": 2,
      "fabricadoQtd": 4,
      "id": "00000000-0000-4000-8000-000000000191",
      "liberadoEm": "2026-08-01",
      "marca": "P-01",
      "montadoQtd": 0,
      "observacoes": "",
      "ordemId": "00000000-0000-4000-8000-000000000141",
      "perfil": "W 250",
      "pesoUnitario": 320,
      "quantidade": 4,
      "revisao": "A",
      "servicoId": "00000000-0000-4000-8000-000000000121",
      "tipo": "Pilar",
    },
  ],
  "contas": [
    {
      "ativa": true,
      "conta": "CC 123",
      "id": "CX-01",
      "instituicao": "Banco Alfa",
      "registro": "Real",
      "reservaVinculada": 2000,
      "saldoInicial": 10000,
      "saldoInicialData": "2026-09-01",
      "tipo": "Corrente",
    },
  ],
  "demandas": [
    {
      "ativo": true,
      "codigoObra": "OB-01",
      "conclusoes": [
        "2026-09-01",
        "2026-09-02",
      ],
      "criadoEm": "2026-06-20T10:00:00Z",
      "criadoPor": "Augusto",
      "descricao": "",
      "id": "00000000-0000-4000-8000-000000000131",
      "periodicidade": "Diária",
      "responsavel": "00000000-0000-4000-8000-0000000000a2",
      "servicoId": "00000000-0000-4000-8000-000000000121",
      "titulo": "Diário de obra",
    },
  ],
  "dividas": [
    {
      "contratacao": "2026-01-10",
      "credor": "Banco Beta",
      "garantia": "Aval",
      "id": "D-01",
      "instrumento": "CCB",
      "observacoes": "",
      "parcelaMensal": 8000,
      "parcelasRestantes": 20,
      "principal": 200000,
      "proximoVencimento": "2026-10-10",
      "registro": "Real",
      "saldoDevedor": 150000,
      "status": "Ativa",
      "taxaAa": 0.18,
    },
  ],
  "fechamentos": [
    {
      "fechadoEm": "2026-08-05T10:00:00Z",
      "fechadoPor": "Augusto",
      "periodo": "2026-07",
    },
  ],
  "fotos": [
    {
      "caminho": "00000000-0000-4000-8000-00000000000a/00000000-0000-4000-8000-0000000000e1/00000000-0000-4000-8000-000000000251.jpg",
      "codigoObra": "OB-01",
      "id": "00000000-0000-4000-8000-000000000251",
      "referenciaId": "00000000-0000-4000-8000-000000000161",
      "referenciaTipo": "apontamento",
      "tomadaEm": "2026-09-02T17:00:00Z",
      "tomadaPor": "00000000-0000-4000-8000-0000000000a1",
    },
  ],
  "funcoes": [
    {
      "ativa": true,
      "categoria": "Fábrica",
      "custoHoraPadrao": 35,
      "descricao": "",
      "id": "00000000-0000-4000-8000-000000000231",
      "nome": "Soldador",
    },
  ],
  "insumos": [
    {
      "ativo": true,
      "codigo": "00001",
      "descricao": "Aço perfil W",
      "id": "00000000-0000-4000-8000-0000000001f1",
      "observacoes": "",
      "origem": "SINAPI",
      "preco": 8.5,
      "precoData": "2026-07-01",
      "precoFonte": "GO",
      "tipo": "Material",
      "unidade": "kg",
    },
  ],
  "itensEstoque": [
    {
      "ativo": true,
      "codigo": "AC-01",
      "descricao": "Perfil W 250",
      "estoqueMinimo": 1000,
      "familia": "perfil",
      "id": "00000000-0000-4000-8000-0000000001d1",
      "insumoId": "00000000-0000-4000-8000-0000000001f1",
      "observacoes": "",
    },
  ],
  "lancamentos": [
    {
      "anexos": [],
      "atualizadoEm": "2026-07-28T10:00:00Z",
      "atualizadoPor": "Augusto",
      "categoria": "Receita de obra",
      "centroCusto": "Obra",
      "codigoObra": "OB-01",
      "competencia": "2026-07-01",
      "conciliado": true,
      "confiabilidade": "Contratado",
      "contaFinanceira": "Banco Alfa",
      "contraparte": "Cliente",
      "criadoEm": "2026-07-01T10:00:00Z",
      "criadoPor": "Augusto",
      "desconto": 0,
      "descricao": "Medição 1",
      "documento": "NF 1",
      "faturamentoDireto": false,
      "id": "L-0001",
      "multaJuros": 0,
      "observacoes": "",
      "origem": "planilha",
      "probabilidade": 1,
      "realizacao": "2026-07-28",
      "registro": "Real",
      "retencoes": 5000,
      "servicoId": "00000000-0000-4000-8000-000000000121",
      "status": "Realizado",
      "subcategoria": "",
      "valorBruto": 100000,
      "valorRealizado": 95000,
      "vencimento": "2026-07-30",
      "versao": 2,
    },
    {
      "anexos": [],
      "atualizadoEm": "2026-09-01T10:00:00Z",
      "atualizadoPor": "Gestora",
      "categoria": "Outros custos diretos",
      "centroCusto": "Obra",
      "codigoObra": "OB-01",
      "competencia": "2026-09-01",
      "conciliado": false,
      "confiabilidade": "Previsto",
      "contaFinanceira": "",
      "contraparte": "Transportadora",
      "criadoEm": "2026-09-01T10:00:00Z",
      "criadoPor": "Gestora",
      "desconto": 0,
      "descricao": "Frete",
      "documento": "",
      "excluidoEm": "2026-09-05T10:00:00Z",
      "excluidoPor": "Augusto",
      "faturamentoDireto": true,
      "id": "L-0002",
      "idExterno": "ext-2",
      "motivoExclusao": "duplicado",
      "multaJuros": 0,
      "observacoes": "obs",
      "origem": "diretor-financeiro",
      "probabilidade": 0.9,
      "registro": "Real",
      "retencoes": 0,
      "status": "Programado",
      "subcategoria": "Frete",
      "valorBruto": 5000,
      "vencimento": "2026-09-20",
      "versao": 0,
    },
  ],
  "liquidacoes": [
    {
      "conta": "Banco Alfa",
      "criadoEm": "2026-07-28T10:00:00Z",
      "criadoPor": "Augusto",
      "data": "2026-07-28",
      "documento": "DOC 1",
      "id": "00000000-0000-4000-8000-000000000301",
      "lancamentoId": "L-0001",
      "valor": 95000,
    },
  ],
  "medicoes": [
    {
      "codigoObra": "OB-01",
      "criterio": "Fabricado",
      "dataMedicao": "2026-07-28",
      "dataPrevista": "2026-07-30",
      "documentos": "Romaneio",
      "escopo": "Pórticos",
      "etapa": "Fabricação",
      "evento": "Evento 1",
      "faturamentoConstrutora": 60000,
      "faturamentoDireto": 40000,
      "id": "00000000-0000-4000-8000-000000000171",
      "lancamentoId": "L-0001",
      "mes": 1,
      "numero": "E01",
      "observacoes": "",
      "pctEvolucaoPlanejada": 0.1,
      "responsavelAprovacao": "Cliente",
      "retencao": 5000,
      "servicoId": "00000000-0000-4000-8000-000000000121",
      "status": "Medida",
      "tipoMedicao": "Física",
      "valorBruto": 100000,
      "valorMedido": 100000,
    },
  ],
  "movimentosEstoque": [
    {
      "certificado": "C-1",
      "conjuntos": [],
      "corrida": "H-1",
      "criadoEm": "2026-08-20T10:00:00Z",
      "custoUnitario": 8.5,
      "data": "2026-08-20",
      "fornecedor": "Aço SA",
      "id": "00000000-0000-4000-8000-0000000001e1",
      "itemId": "00000000-0000-4000-8000-0000000001d1",
      "local": "Fábrica",
      "notaFiscal": "NF 9",
      "observacao": "",
      "pecas": 40,
      "pedidoId": "00000000-0000-4000-8000-000000000181",
      "quantidade": 5000,
      "responsavel": "00000000-0000-4000-8000-0000000000a1",
      "tipo": "Entrada",
    },
  ],
  "obras": [
    {
      "aditivos": 0,
      "assinatura": "2026-06-01",
      "cidadeUf": "Goiânia/GO",
      "cliente": "Cliente",
      "codigo": "OB-01",
      "custoOrcado": 700000,
      "escopo": "Estrutura",
      "estimativaConcluir": 500000,
      "execucaoFisica": 0.3,
      "fimContratual": "2026-12-15",
      "inicio": "2026-06-15",
      "margemAlvo": 0.2,
      "medidoFaturado": 200000,
      "nome": "Obra Um",
      "observacoes": "",
      "registro": "Real",
      "responsavel": "00000000-0000-4000-8000-0000000000a2",
      "status": "Em execução",
      "valorContrato": 1000000,
    },
  ],
  "orcamentos": [
    {
      "atualizadoEm": "2026-05-05T10:00:00Z",
      "bdi": 0.25,
      "cliente": "Cliente",
      "codigo": "ORC-01",
      "codigoObra": "OB-01",
      "criadoEm": "2026-05-05T10:00:00Z",
      "criadoPor": "Augusto",
      "data": "2026-05-05",
      "id": "00000000-0000-4000-8000-000000000211",
      "itens": [
        {
          "codigo": "10.3",
          "composicaoId": "00000000-0000-4000-8000-000000000201",
          "descricao": "Estrutura metálica",
          "etapa": "Estrutura",
          "id": "00000000-0000-4000-8000-000000000351",
          "ordem": 1,
          "precoUnitarioVenda": 12,
          "quantidade": 50000,
          "servicoId": "00000000-0000-4000-8000-000000000121",
          "unidade": "kg",
        },
      ],
      "observacoes": "",
      "referenciaPrecos": "SINAPI 07/2026",
      "status": "Contratado",
      "titulo": "Proposta",
      "validade": "2026-06-05",
    },
  ],
  "ordens": [
    {
      "cancelada": false,
      "codigo": "OP-01",
      "codigoObra": "OB-01",
      "criadoEm": "2026-08-01T10:00:00Z",
      "criadoPor": "Augusto",
      "dataNecessidade": "2026-09-30",
      "descricao": "Pórticos",
      "etapas": [
        {
          "fim": "2026-08-05",
          "inicio": "2026-08-02",
          "nome": "Corte",
          "quantidadeConcluida": 10000,
          "responsavel": "Fábrica",
          "status": "Concluída",
        },
      ],
      "id": "00000000-0000-4000-8000-000000000141",
      "observacoes": "",
      "prioridade": "Normal",
      "quantidade": 10000,
      "servicoId": "00000000-0000-4000-8000-000000000121",
      "tipo": "Fabricação",
      "unidade": "kg",
    },
  ],
  "params": {
    "alcadas": {
      "desvioOrcamentoPermitido": 0.05,
      "limiteDiretoria": 100000,
      "limiteFinanceiro": 20000,
      "limiteGestorObra": 5000,
      "slaAprovacaoHoras": 48,
      "toleranciaConciliacao": 0.01,
    },
    "cenario": "Base",
    "corteExtrato": "2026-09-01",
    "dataBase": "2026-09-10",
    "dataBaseAutomatica": true,
    "empresa": "EIFF Estruturas",
    "fatores": {
      "Base": {
        "entradas": 1,
        "saidas": 1,
      },
      "Conservador": {
        "entradas": 0.9,
        "saidas": 1.1,
      },
      "Otimista": {
        "entradas": 1.1,
        "saidas": 0.95,
      },
    },
    "incluirDemo": false,
    "organizacao": "EIFF",
    "reservaMinima": 50000,
    "responsavel": "Financeiro",
    "versao": "v1",
  },
  "pedidos": [
    {
      "atualizadoEm": "2026-08-10T10:00:00Z",
      "categoria": "Outros custos diretos",
      "codigo": "PC-01",
      "codigoObra": "OB-01",
      "criadoEm": "2026-08-10T10:00:00Z",
      "criadoPor": "Compras",
      "data": "2026-08-10",
      "faturamentoDireto": false,
      "fornecedor": "Aço SA",
      "id": "00000000-0000-4000-8000-000000000181",
      "itens": [
        {
          "descricao": "Perfil W",
          "id": "00000000-0000-4000-8000-000000000341",
          "insumoId": "00000000-0000-4000-8000-0000000001f1",
          "precoUnitario": 8.5,
          "quantidade": 5000,
          "quantidadeRecebida": 0,
          "unidade": "kg",
        },
      ],
      "observacoes": "",
      "prazoPagamentoDias": 28,
      "previsaoEntrega": "2026-08-20",
      "servicoId": "00000000-0000-4000-8000-000000000121",
      "status": "Emitido",
    },
  ],
  "planoContas": [
    {
      "ativa": true,
      "categoria": "Receita de obra",
      "classe": "Operacional",
      "grupoDre": "Receita",
      "grupoFluxo": "Operacional",
      "orientacao": "medições",
      "tipo": "Entrada",
    },
    {
      "ativa": true,
      "categoria": "Outros custos diretos",
      "classe": "Custo",
      "grupoDre": "Custo direto",
      "grupoFluxo": "Operacional",
      "orientacao": "",
      "tipo": "Saída",
    },
  ],
  "radar": {
    "atividades": [],
    "comunicacoes": [],
    "configScore": [],
    "contatos": [],
    "duplicatas": [],
    "empresas": [],
    "estrategias": [],
    "experimentos": [],
    "fontes": [],
    "historicoEstagios": [],
    "importacaoErros": [],
    "importacaoLinhas": [],
    "importacoes": [],
    "operacoesVibe": [],
    "oportunidades": [],
    "pesosDecisionFit": [],
    "projetos": [],
    "registrosFonte": [],
    "regrasPersona": [],
    "regrasScore": [],
    "sinais": [],
    "snapshotsScore": [],
    "supressoes": [],
    "tarefas": [],
    "tiposResposta": [],
  },
  "romaneios": [
    {
      "codigoObra": "OB-01",
      "criadoEm": "2026-09-03T08:00:00Z",
      "criadoPor": "00000000-0000-4000-8000-0000000000a1",
      "data": "2026-09-03",
      "destino": "Obra Um",
      "id": "00000000-0000-4000-8000-0000000001c1",
      "itens": [
        {
          "conjuntoId": "00000000-0000-4000-8000-000000000191",
          "quantidade": 2,
        },
      ],
      "numero": "ROM-0001",
      "observacoes": "",
      "placa": "ABC1D23",
      "status": "Em trânsito",
      "transportadora": "Transportadora",
    },
  ],
  "servicos": [
    {
      "ativo": true,
      "categoriaPadrao": "Outros custos diretos",
      "codigo": "S-01",
      "codigoObra": "OB-01",
      "custoOrcado": 400000,
      "etapa": "Fabricação",
      "fimPrevisto": "2026-10-15",
      "id": "00000000-0000-4000-8000-000000000121",
      "inicioPrevisto": "2026-06-15",
      "inicioReal": "2026-06-20",
      "nome": "Estrutura metálica",
      "observacoes": "",
      "pesoFabricacao": 0.6,
      "precoVenda": 600000,
      "quantidadeExecutada": 12000,
      "quantidadeOrcada": 50000,
      "responsavel": "00000000-0000-4000-8000-0000000000a2",
      "status": "Em andamento",
      "unidade": "kg",
      "valorBaseOrcamento": 600000,
    },
  ],
  "tarefas": [
    {
      "codigoObra": "OB-01",
      "criadoEm": "2026-09-01T13:00:00Z",
      "criadoPor": "Gestora",
      "entidade": "lancamento",
      "entidadeId": "00000000-0000-4000-8000-0000000000f2",
      "id": "00000000-0000-4000-8000-000000000331",
      "origem": "manual",
      "prazo": "2026-09-10",
      "prioridade": "Alta",
      "responsavel": "00000000-0000-4000-8000-0000000000a1",
      "status": "Aberta",
      "titulo": "Conferir frete",
    },
  ],
  "transacoes": [
    {
      "conta": "Banco Alfa",
      "credito": 95000,
      "data": "2026-07-28",
      "debito": 0,
      "documento": "1",
      "historico": "TED recebida",
      "id": "FITID-1",
      "idExterno": "FITID-1",
      "lancamentoIds": [
        "L-0001",
      ],
      "origem": "supabase",
      "registro": "Real",
    },
  ],
  "treinamentos": [
    {
      "acertos": 1,
      "concluidoEm": "2026-08-01T10:00:00Z",
      "id": "00000000-0000-4000-8000-000000000261",
      "licaoId": "obra-360",
      "usuarioId": "00000000-0000-4000-8000-0000000000a2",
    },
  ],
  "usuarios": [
    {
      "ativo": true,
      "email": "augusto@eiff.com.br",
      "id": "00000000-0000-4000-8000-0000000000a1",
      "nome": "Augusto",
      "obras": "*",
      "papel": "Administrador",
    },
    {
      "ativo": true,
      "email": "gestora@eiff.com.br",
      "id": "00000000-0000-4000-8000-0000000000a2",
      "nome": "Gestora",
      "obras": [
        "OB-01",
      ],
      "papel": "Gestor de obra",
    },
  ],
}
`;
